✓ doi:10.1021/acsphotonics.6c00978 Dual-Polarized Thermal Emission from a Bilayer Twisted-Grating Metasur
✓ doi:10.1038/s44172-026-00759-5 Porous-lift-off germanium membranes as lightweight, flexible, and cost
✓ doi:10.1038/s41598-026-54852-y Ultra-sensitive label-free bio-detection via dielectric-modulated GOSC
✓ doi:10.1038/s41566-026-01978-0 Integrated optical isolators for broadband multi-laser operation.
✓ doi:10.3390/mi17080882 A Safe and Portable CMUT Array Ultrasonic System for Bubble Sizing in 
✓ doi:10.1038/s41467-026-76263-3 Dual-function floating-gate memory driver for energy-efficient integra
✓ doi:10.1038/s41467-026-75707-0 Multispectral image fusion via heterogeneous integration of broadband 
✓ doi:10.3390/mi17080895 From Rough Lapping to Fine Lapping: A Systematic Study on Tool-Materia
✓ doi:10.1002/advs.77423 Electroforming-Free, Self-Rectifying Selector-Only Memory With Diffusi
✗ patent:JP5210952B2 JP5210952B2 - 
        Polishing pad
       
      - Google Patents
✗ patent:TWI596175B TWI596175B - 
        Stopping the additive containing the ruthenium l
✗ patent:JP5964795B2 JP5964795B2 - 
        CMP method using amphiphilic nonionic surfactan
✗ patent:KR102355690B1 KR102355690B1 - 
        Formulations and methods of use after chemica
✗ patent:US10071461B2 US10071461B2 - Polishing pads and systems and methods of making and us
✗ patent:US10220487B2 US10220487B2 - Customized polishing pads for CMP and methods of fabric
✗ patent:KR102101377B1 KR102101377B1 - Interconnect structure comprising fine pitch backside 
✗ patent:US8303373B2 US8303373B2 - Slurry supplying apparatus and method of polishing semic
✗ patent:CN114664650B CN114664650B - Method for manufacturing semiconductor device 
        
✗ patent:CN102559059A CN102559059A - Chemical-mechanical polishing liquid 
      - Google Pa
✗ patent:CN111599677B CN111599677B - Semiconductor structure and forming method thereof 
   
✗ patent:KR102731867B1  Composition for chemical-mechanical polishing (CMP) treatment compris
✗ patent:JP2014508629A  Cleaning method and system
✗ patent:TW201842232A  Chemical-mechanical processing slurry and methods for processing a ni
✗ patent:CN105802506A  Chemico-mechanical polishing solution
✗ patent:JP7713928B2  Polishing composition and polishing method
✗ patent:US20140154955A1  Systems and Methods for Stripping and/or Finishing Wood Surfaces
✗ patent:JP4960395B2  Polishing apparatus and semiconductor device manufacturing method usi
✗ patent:EP3738140B1  Tungsten bulk polishing method with improved topography
✗ patent:TW202219208A  Surface-modified silica particles and compositions comprising such pa
✗ patent:CN118255816A  Iron complex and preparation method, composition, slurry and applicat
✗ patent:US7513920B2  Free radical-forming activator attached to solid and used to enhance 
✗ patent:JP2014187268A  Cmp polishing agent, and method for polishing substrate
✗ patent:US20080242198A1 US20080242198A1 - Multi-step planarizing and polishing method 
       
✗ patent:CN111378372B CN111378372B - Application of acetic acid in STI polishing 
        - 
✗ patent:CN107230635A CN107230635A - Method for forming semiconductor device 
        - Goog
✗ patent:US20180033636A1 US20180033636A1 - Method of fabricating a semiconductor structure 
   
✗ patent:US20080314872A1 US20080314872A1 - Chemical-Mechanical Polishing Compositions Containin
✗ patent:CN103084972B CN103084972B - A kind of method of polishing substrate 
        - Goog
✗ patent:CN116179086A CN116179086A - 
        A kind of polysilicon polishing liquid and pre
✗ patent:KR101919750B1 KR101919750B1 - Aqueous polishing composition and process for chemical
✗ patent:JP2018056500A JP2018056500A - 
        Processing method of plate
       
        - 
✗ patent:CN110076682A CN110076682A - A kind of Sapphire Substrate cmp method 
        - Goog
✗ patent:KR102144758B1 KR102144758B1 - Method for producing polished object and composition k
✗ patent:CN110722457A CN110722457A - Polishing pad dressing method 
        - Google Patents
✗ patent:JP2015030058A JP2015030058A - Dressing method and dressing apparatus 
        - Goog
✗ patent:CN205021392U CN205021392U - A device for base plate polishing 
        - Google Pat
✗ patent:JP2017136662A JP2017136662A - 
        Polishing pad
       
        - Google Patent
✗ patent:KR101494034B1  Compositions and methods for modifying a surface suited for semicondu
✗ patent:TWI626280B  Method and composition for processing a dielectric substrate
✗ patent:CN101920477B  Methods for producing and processing semiconductor wafers
✗ patent:US7749908B2  Edge removal of silicon-on-insulator transfer wafer
✗ patent:CN106272125B  Preparation method of polyurethane matrix stone grinding and polishin
✗ patent:TWI915505B  Grinding method and grinding components
✗ patent:US20130130595A1  Polishing agent and polishing method
✗ patent:TW202409225A  Polishing composition and polishing method using the same
✗ patent:US8541310B2  CMP compositions containing a soluble peroxometalate complex and meth
✗ patent:JP2003511850A  CMP products
✗ patent:US20200263056A1  Polishing composition and polishing method
✗ patent:CN110088359B  High temperature CMP compositions and methods of use thereof
✗ patent:CN101168847A  Electrolytic liquid for electrolytic polishing and electrolytic polis
fetched 9/60
local:4a1be0b1428c                       rates=- tables=0
local:1b7f02d6d774                       rates=- tables=0
local:2c1aec2afd83                       rates=- tables=0
local:61ce95bc3229                       rates=0 tables=0
local:090d6b550fa0                       rates=- tables=0
local:9841fb437c01                       rates=- tables=0
local:ce52349b58a5                       rates=- tables=0
local:f8ee0a1f0d15                       rates=- tables=0
local:4aae99bc6c5d                       rates=- tables=0
local:7be71902dfdc                       rates=0 tables=1
local:87dc32711797                       rates=- tables=0
local:083b0f195bfe                       rates=- tables=0
local:81cb5d427866                       rates=- tables=0
local:b487ed26a50b                       rates=- tables=0
local:f75e340d1b5a                       rates=1 tables=0
local:275f0f389401                       rates=7 tables=0
local:3ae8bf08c29c                       rates=- tables=0
local:6c29844bd94a                       rates=- tables=0
local:701b7867bc46                       rates=- tables=0
local:fe1ad0e3e139                       rates=0 tables=1
local:6472b3610efa                       rates=0 tables=2
local:4a2fb0579db2                       rates=0 tables=1
local:4fb1bfcc6202                       rates=- tables=0
local:5a46f9d98014                       rates=- tables=0
local:e06ea027e835                       rates=- tables=0
local:852ac811eb91                       rates=- tables=0
local:45980579ca57                       rates=- tables=0
local:ff58301368b3                       rates=- tables=0
local:aaaf90e53edb                       rates=- tables=0
local:851f992d98ef                       rates=- tables=0
local:f8b1c561b07d                       rates=- tables=0
local:34abda84ed25                       rates=- tables=0
local:4c38ba5e78cf                       rates=- tables=0
local:9f69d064a7f3                       rates=0 tables=0
local:62f8f4d08205                       rates=- tables=0
local:53c51dc94d45                       rates=- tables=0
local:094e2b4d28c8                       rates=- tables=0
local:922db5ab4705                       rates=- tables=0
local:01dbef0da0c2                       rates=- tables=0
local:047dea8e5ee5                       rates=0 tables=1
local:5fbe2ea2e6e7                       rates=0 tables=0
local:2ef560080f48                       rates=- tables=0
local:a481b6ea23fa                       rates=0 tables=0
local:9af0f469154a                       rates=- tables=0
local:c3ceb1ef615e                       rates=0 tables=0
patent:US6258137                         rates=- tables=0
local:c48fbe8b5291                       rates=- tables=0
local:30d8b54740a1                       rates=- tables=0
local:946db6b05e2c                       rates=0 tables=1
local:7fdef01ca501                       rates=- tables=0
local:617563f8648c                       rates=- tables=0
local:849ce5bc00dd                       rates=- tables=0
local:6705578cf415                       rates=- tables=0
local:5dd3ea014f7e                       rates=- tables=0
local:bbf62498b388                       rates=7 tables=1
local:8ccfe9a0e062                       rates=0 tables=3
local:49c862cdd610                       rates=- tables=0
local:f05b38d8068d                       rates=0 tables=0
local:8581d51caecf                       rates=- tables=0
local:85beef69ce21                       rates=0 tables=0
local:a66d50848b0e                       rates=- tables=0
local:0e0b1a142b33                       rates=- tables=0
local:d4e7a76b04a2                       rates=0 tables=0
local:024a5630e3e4                       rates=1 tables=1
local:507aaae7faa3                       rates=- tables=0
local:a893fd9344a3                       rates=- tables=0
local:f27580f47c75                       rates=- tables=0
local:8d0029043f3c                       rates=- tables=0
local:77498b852fd6                       rates=- tables=0
local:237abdb103ca                       rates=0 tables=0
local:c991be57061a                       rates=- tables=0
local:4945f2552102                       rates=- tables=0
local:7cb826e14596                       rates=- tables=0
local:b2f87649cacd                       rates=- tables=0
local:664620b6f2e0                       rates=- tables=0
local:a4843a5a4408                       rates=- tables=0
local:e2c66332aeaa                       rates=- tables=0
local:21b2eb6196d3                       rates=- tables=0
local:0d739593a17b                       rates=- tables=0
pmc:PMC12029203                          rates=0 tables=3
local:74f68eee15cb                       rates=- tables=0
local:bf7b1a1a8fad                       rates=0 tables=1
local:5a0debd2e846                       rates=- tables=0
pmc:PMC10536193                          rates=0 tables=3
local:571a59ebb8b7                       rates=- tables=0
local:bdf4e95420e3                       rates=- tables=0
local:6a2dd1bf7cfd                       rates=- tables=0
local:556ada45ed2b                       rates=- tables=0
local:7d79764751be                       rates=- tables=0
local:a21e1705e94d                       rates=- tables=0
local:f46d5d548bd3                       rates=- tables=0
local:df70fdfd6573                       rates=- tables=0
local:d3f498b1e149                       rates=- tables=0
local:a2556a1c9e37                       rates=- tables=0
local:93213a2959ec                       rates=- tables=0
local:f8e48c1ab0d1                       rates=- tables=0
local:1ef14a8da441                       rates=- tables=0
local:3834908c4178                       rates=- tables=0
local:f41d24d9171f                       rates=0 tables=1
local:0f68e5a8a769                       rates=- tables=0
local:0a89ef6e9d22                       rates=- tables=0
local:2b67ac352644                       rates=- tables=0
pmc:PMC9821106                           rates=3 tables=3
local:75fe8ded705a                       rates=- tables=0
local:5d4c07af4163                       rates=- tables=0
local:eedaf9c44733                       rates=- tables=0
local:6cef001cb52c                       rates=0 tables=2
local:5919d093e214                       rates=- tables=0
local:a7495d9d3413                       rates=- tables=0
local:dbd2814c1b08                       rates=- tables=0
local:b61933552e9b                       rates=- tables=0
local:038ab1720a53                       rates=- tables=0
local:d749125f206b                       rates=- tables=0
local:b36f8a62b395                       rates=0 tables=0
local:717fd06a5363                       rates=0 tables=0
local:4405c31fafa4                       rates=0 tables=1
local:c0b93173fc1e                       rates=0 tables=1
local:e48b09f99a43                       rates=- tables=0
local:de1087387647                       rates=2 tables=0
local:7b27cd9c0e98                       rates=- tables=0
