✓ doi:10.14356/kona.2025001 Engineering SiO2 Nanoparticles: A Perspective on Chemical Mechanical P
✗ doi:10.1149/1.2408895 Electrochemical Mechanical Planarization (eCMP) of Copper Thin Films
✗ doi:10.1149/2162-8777/adc59e Revisiting the Roles of Chelator, Inhibitor, Oxidant, and Abrasive in 
✗ doi:10.1149/2162-8777/aba9fd High-Performance Pad Conditioning (HPPC) Arm for Augmenting CMP Perfor
✗ doi:10.1149/07705.0227ecst The Role of Polysilicon Slurry and Its Application in 7nm CMP
✗ doi:10.1149/2162-8777/abe1d6 Communication—A Novel Method to Improve Cleaning Performance by Removi
✗ doi:10.1088/1674-4926/39/12/126002 Optimization of cleaning process parameters to remove abrasive particl
✗ doi:10.1149/2162-8777/abf47e Analysis on Pad Surface Roughness of Diamond Conditioning Process for 
✗ doi:10.1143/jjap.47.1028 Pad Surface Treatment to Control Performance of Chemical Mechanical Pl
✗ doi:10.1088/1674-4926/35/11/116003 Effect of three kinds of guanidinium salt on the properties of a novel
✗ doi:10.1149/2162-8777/abdfb5 Effective Particle Analysis on Wafer in the EKF-CMP System
✓ doi:10.2493/jspe.70.128 Study on STI planarization process using fixed abrasive tool (1st Repo
✓ doi:10.4028/www.scientific.net/amr.463-464.321 Surface Measurement of GLSI Wafer with Copper Interconnects after CMP
✓ doi:10.7736/kspe.2015.32.7.627 A Study on the Polishing Characteristics Using Floating Nozzle in Line
✗ doi:10.4313/jkem.2005.18.9.787 A Study on Oxidizer Effects in Tungsten CMP
✗ openalex:W55725381 Processing, reliability and integration issues in chemical mechanical 
✗ doi:10.3390/cryst16030179 Influences of Polishing Slurry Components on Material Removal and Surf
✗ doi:10.7939/r3sb3x66b Attachment of CeO2 and SiO2 for Chemical Mechanical Polishing: Theory 
✓ doi:10.4028/www.scientific.net/kem.625.332 Study on Chemical Interaction Analysis of Reactive Fullerenol Molecule
✗ doi:10.7939/r3967c A study of the colloidal stability of mixed abrasive slurries of silic
✗ doi:10.26599/frict.2025.9441185 Slurry injection schemes based on flow field distribution during chemi
✗ doi:10.26599/nr.2026.94909100 Chemical mechanical polishing on silicon carbide using developed ceria
✗ doi:10.4313/jkem.2003.16.6.465 Chemical Mechanical Polishing Characteristics of Mixed Abrasive Slurry
✗ doi:10.21203/rs.3.rs-2676350/v1 Enhancing Ceria Slurry Performance for Shallow Trench Isolation Chemic
✓ doi:10.2493/jjspe.69.1610 Development of Chemical-Mechanical Polishing Technology and Polishing 
✗ doi:10.6084/m9.figshare.30526745.v1 Dual-Function Isopropanol Strategy for Hansen Solubility Parameter Gui
✗ doi:10.6084/m9.figshare.30526745 Dual-Function Isopropanol Strategy for Hansen Solubility Parameter Gui
✗ doi:10.1149/1.1391678 Two‐Dimensional Wafer‐Scale Chemical Mechanical Planarization Models B
✓ doi:10.14356/kona.2008010 Particulate Science and Technology in the Engineering of Slurries for 
✗ doi:10.1149/2.0151412jss Characterization of Nano-Scale Protective Oxide Films: Application on 
✗ doi:10.1149/1.1413702 Chemical Mechanical Planarization of Copper and Barrier Layers by Mang
✗ doi:10.1149/2162-8777/ab8d92 Effect of Potassium Tartrate on Removal Rate Selectivity of Co/TiN/TEO
✗ doi:10.1149/2.0221905jss Effect of Ceria Abrasive Synthesized by Supercritical Hydrothermal Met
✗ doi:10.7567/jjap.53.086501 Effect of pad surface micro-texture on dishing and erosion during shal
✗ doi:10.1149/2.0131407jss Optimization and Mechanism on Chemical Mechanical Planarization of Haf
✗ doi:10.1149/2162-8777/ac3e44 Role of Slurry Additives on Chemical Mechanical Planarization of Silic
✗ doi:10.1149/1.1635388 Arrhenius Characterization of ILD and Copper CMP Processes
✗ doi:10.1149/1.1869974 Determining the Effects of Slurry Surfactant, Abrasive Size, and Abras
✗ doi:10.1149/1.2198128 Effects of CMP Slurry Chemistry on the Zeta Potential of Alumina Abras
✗ doi:10.1143/jjap.42.6809 Tribology and Removal Rate Characteristics of Abrasive-Free Slurries f
✗ doi:10.1143/jjap.45.4893 Effect of Calcination Process on Synthesis of Ceria Particles, and Its
✗ doi:10.1149/1.3481948 Potassium Bromate as an Oxidizing Agent in a Titania-Based Ru CMP Slur
✗ doi:10.1149/2.009305jss Investigation of Percarbonate Based Slurry Chemistry for Controlling G
✓ openalex:W2977501042 Slurry Chemistry Effects On Copper Chemical Mechanical Planarization
✗ doi:10.1149/2.0171707jss Highly Dispersed Fe3+-Substituted Colloidal Silica Nanoparticles for D
✗ openalex:W2378496144 Study of a novel alkaline barrier slurry applied in copper chemical me
✗ doi:10.1149/1.3551507 Generation of Pad Debris during Oxide CMP Process and Its Role in Scra
✗ doi:10.1149/2.0051511jss Characterization of Particle Size and Surface Adsorption for SiO2Abras
✓ doi:10.4028/www.scientific.net/kem.238-239.223 Physical and Chemical Characteristics of the Ceramic Conditioner in Ch
✗ doi:10.1088/1674-4926/35/8/086001 Stability for a novel low-pH alkaline slurry during the copper chemica
✗ doi:10.1149/1.1370969 Development of a Slurry Employing a Unique Silica Abrasive for the CMP
✗ openalex:W1533941561 Chemical Mechanical Planarization: Study of Conditioner Abrasives and 
✗ doi:10.1149/2.0031805jss Real-Time Shear and Normal Force Trends in Tungsten Chemical Mechanica
✗ doi:10.1149/1.2953227 Engineering Polymer Core–Silica Shell Size in the Composite Abrasives 
✗ doi:10.1149/1.2051954 Wear Phenomena in Abrasive-Free Copper CMP Process
✗ doi:10.1143/jjap.49.05fg01 Hybrid Electrochemical Mechanical Planarization Process for Cu Dual-Da
✗ doi:10.1088/1674-4926/32/11/116001 Effect of copper slurry on polishing characteristics
✗ doi:10.1149/2.0281905jss Insights into Tungsten Chemical Mechanical Planarization: Part III. Mi
✗ doi:10.1149/1.2335982 The Effects of Copper CMP Slurry Chemistry on the Colloidal Behavior o
✗ doi:10.1149/2.0111809jss Improvement of Barrier CMP Performance with Alkaline Slurry: Role of I
fetched 9/60
doi:10.14356/kona.2025001                rates=0 tables=0
doi:10.2493/jspe.70.128                  rates=- tables=0
doi:10.4028/www.scientific.net/amr.463-464.321 rates=0 tables=0
doi:10.7736/kspe.2015.32.7.627           rates=0 tables=0
doi:10.4028/www.scientific.net/kem.625.332 rates=1 tables=0
doi:10.2493/jjspe.69.1610                rates=- tables=0
doi:10.14356/kona.2008010                rates=- tables=0
openalex:W2977501042                     rates=0 tables=0
doi:10.4028/www.scientific.net/kem.238-239.223 rates=0 tables=0
{
  "documents": {
    "paper": {
      "discovered": 7154,
      "extracted": 1209,
      "fetched": 228,
      "merged": 8,
      "verified": 1
    },
    "patent": {
      "discovered": 287,
      "extracted": 63,
      "fetched": 8,
      "merged": 2
    }
  },
  "queue": {
    "done": 10,
    "extract": 1,
    "fetch": 7441,
    "learn": 1507,
    "merge": 1
  },
  "extractions": 1282,
  "total": 8960,
  "with_fulltext": 1519
}
