완료 보고 (film-nitride, Lv2-1).

## 작성 노트
`knowledge/cmp/sti-nitride-loss-erosion-overpolish-window.md` — STI 나이트라이드 침식(erosion) 관점. 형제 film-oxide 노트(디싱 D_ss 관점)와 [[상호링크]] 8개로 연결하되 중복 없이 **나이트라이드 손실 각도**로 상보.

## 핵심 내용
- **정지의 실체 = 나이트라이드 손실 예산**(200 Å, Lee 2002 p.185). 침식식 E(t) = K_ss(t−t_n) + 과도항 (식 2.56).
- 정상상태 손실률 **K_ss = K/(1+ρ(s−1))** 은 블랭킷율 K/s보다 큼(압력집중, 1.8배).
- 선택비의 값어치는 디싱 감소가 **아니라**(D_ss↑) 예산 대비 **오버폴리시 창 확대** — s=10→100에서 37.8→304 s (8배). Lee p.114 직접 인용.
- **블랭킷 선택비 ≠ 낮은 손실**: 세리아 HSS 블랭킷 100+여도 패턴 유효 s_eff≈3 (Lee p.121 "통상공정 수준 침식").
- 저밀도서 K_ss→K_nit/ρ ("좁은 나이트라이드가 급소"), Johnson 2009 진화밀도.
- 자기정지 슬러리(Dandu Fig.14: 30 Å 포화)가 선형 K_ss 누적을 깸.

## 검증
- **인용 출처 6건**(1차 4건: Lee 2002·Johnson 2009 MIT 학위논문 원문 판독, Dandu 2009·Mariscal 2020; +Srinivasan 2015·Urban 2016). **Johnson 2009는 새 1차 출처**(디스크 PDF 신규 활용).
- verify_claims **✓** (DOI 3건 실존 확인, 출처없는 수치주장 0)
- check_knowledge **✓**
- **python verify 4블록 전부 PASS**: [A] 식 2.56 침식식 = 제거량방정식 수치적분 재현(점근기울기=K_ss), [B] 오버폴리시 창 8.0배, [C] K_ss(ρ) 표3.9 ±9% 재현·s_eff≈3, [D] 자기정지 포화 대조.

## 갱신
- CURRICULUM.md Lv2-1 **[x]** (날짜·노트경로)
- PROFILE.md 이수기록 + 구현요청 2건 추가(침식식 판정기·자기정지 포화항, 문헌검증값 포함)
- EXAMS.md Lv2-1 3문항+모범답안
- ORG.md §5 film-nitride 행 3/6·2026-09-11 갱신

## 정직한 한계(노트 §8에 기록)
h_n=0 이상화, 세리아 손실률 절댓값은 7 psi·특정 세리아 것(오더만), Johnson 진화밀도의 Phase-2 정량개선치 미명시(개념적 함의), Urban 벤더값·자기정지 포화값 30 Å 미검증. git 커밋은 하지 않음(오케스트레이터 일괄). 429 흔적 없음.
