## 보고 — defect-scientist Lv1-1 완료

### 작성한 노트
`knowledge/cmp/post-cmp-defect-classification-and-inspection.md` (437줄, 전면 개정)

### 자가검사 결과
| 검사 | 결과 |
|---|---|
| `tools/verify_claims.py` | **PASS** — 출처 6건 전부 실존(Crossref/NCBI 조회), verify 블록 1개 통과, 출처 없는 수치주장 0건 |
| `tools/check_knowledge.py` | **PASS** — **미검증 9건 vs 정량값 41건** (반려 기준은 미검증 > 정량×0.5, 즉 20.5건) |

직전 반려 사유(미검증 8 vs 정량 5)를 정면으로 뒤집었습니다. 정량값을 5 → 41로 늘린 방법은 "추가 문헌 나열"이 아니라 **전문을 확보한 문헌에서 장비 사양·임계값을 직접 캐낸 것**입니다.

### 확보한 단위 붙은 수치 (요청하신 세 축 전부)
- **결함 크기 임계**: 스크래치 계수 기준 길이 ≥ 50 µm, 유발 입자 > 0.68 µm(실리카등가 = PSL등가 0.47 µm), LPC 대입자 하한 0.5 µm, 스크래치 단면 폭 7.2/1.4 µm
- **검사 장비 감도·픽셀분해능**: 405 nm 광원, 2048² 화소 × 6.5 µm 픽셀, z=46.2 mm → NA_det 0.14를 **기하학으로 재계산(0.1426, 1.9% 차)**, 회절한계 λ/(NA_det+NA_ill) = 2.8/2.2/1.7 µm 재현, 높이 107 nm vs WLI 116 nm(92.2% vs 원문 92.5%); LPC 계수기 최대 9000 ea/mL·희석 60배·15 mL×3회
- **killer 크기 대 디자인룰**: IRDS 2024 YE 주석[1] 원문 규칙 "피치의 ½ 초과 시 killer, 전기활성 입자는 그 절반" → 표의 임계 10/9/7 nm가 M0·M1 피치의 ¼ 밴드 [3.5, 11.25] nm에 전부 들어감을 assert. 광학 해상도 1.7 µm ÷ killer 10 nm = **170배 격차**가 2단 검사 흐름의 이유임을 수치로 연결

### 출처 6건 (scope 상한 준수, 전부 전문 확보)
Remsen 2006(JES, 10.1149/1.2184036) · Yu 2009(JES, 10.1149/1.3009224) · Tamilmani 2005(UA 박사논문) · Lee 2024(Sci Rep, 10.1038/s41598-024-59496-4, Samsung) · Lee 2020(Sci Rep, 10.1038/s41598-020-71768-3) · IRDS 2024 YE 표. 뒤 두 편은 로컬 코퍼스에서 새로 발굴해 `papers/`에 복사하고 `papers/INDEX.json`에 등록했습니다.

### 개정 중 바로잡은 것
이전 판의 Yu 2009 회귀식은 침식/돌출 계수가 서로 뒤바뀌어 있었습니다(원문은 Ef = Ei − 2.64L, P = 2.58L − 1.54). 바로잡은 뒤, 원문 Fig.4의 버프시간 10%·30% 단축 스플릿이 본문 임계(돌출 20%·50% 감소)를 충족하는지 회귀식으로 검산해 둘이 일관됨을 확인했습니다(각각 24.8%·74.4% 감소, 대가는 침식 +27.5%·+82.5%).

### 정직하게 남긴 미검증 5종
딜라미네이션 임계 접착에너지(J/m²) 1차 문헌 미확보 — 0.3 psi는 물성값이 아니라 ECMP 공정 하중 실례 / IRDS EAP 임계 3.5 nm가 밴드 상한 0.5 nm 초과(xlsx 연도 열 병합으로 원인 미상) / 갈바닉 2–32 µA/cm²는 2차 인용 / 접촉각–워터마크 개수 정량 상관 없음 / KLA 양산 스캐너 감도 미공개.

그 외: `EXAMS.md` 3문항+모범답안 추가, `PROFILE.md` 이수기록 및 구현 요청 3건(라벨 스키마 enum·LPC 불확실도 함수·killer 판정 함수) 기재, `CURRICULUM.md` Lv1-1 체크. `sim/`은 건드리지 않았고 커밋도 하지 않았습니다.
