완료했습니다. 요약 보고합니다.

## 작성한 노트
`knowledge/slurry/pou-filtration-recirculation-pump-shear-lpc.md` (Lv2-1)

**자가검사 결과: 둘 다 PASS**
- `verify_claims.py` → ✓ 통과 (출처 5건 실존 확인, python verify 6블록 전부 실행·assert 통과)
- `check_knowledge.py` → ✓ 통과
- 선행노트에 역방향 링크 추가 후 두 노트 동시 재검사도 2/2 통과

## 출처 6건 (max_sources_per_unit=6 준수, 1차 논문 4건)
| # | 출처 | 등급 |
|---|---|---|
| 1 | Khanna et al. 2018, *ECS JSST* 7(5) P238, doi:10.1149/2.0091805jss | 1차(전문 확보) |
| 2 | Khanna et al. 2019, *Microelectron. Eng.* 210, 1, doi:10.1016/j.mee.2019.03.012 | 1차(전문 확보) |
| 3 | Rastegar, Ahmadi & Babu 2017, *Sep. Purif. Technol.* 176, 231, doi:10.1016/j.seppur.2016.12.017 | 1차(전문 확보) |
| 4 | Seo, Kim & Lee 2003, *Microelectron. Eng.* 70, 1, doi:10.1016/S0167-9317(03)00278-8 | 1차(전문 확보) |
| 5 | Wood, Hsu & Shie 2019, *SEMI ASMC* 30th, 194, doi:10.1109/ASMC.2019.8791775 | 학회(전문 확보) |
| 6 | Entegris AN 4435-7590ENT-0214 (2014) | 업체 기술문서 |

전부 미러 사이트 폴백/직접 다운로드로 원문 확보 → `papers/`에 PDF+텍스트 저장, `papers/INDEX.json` 등록(7건, 배경자료 1건 포함).

## 확보한 정량 관계 (요구사항 3가지 모두)
- **펌프 전단률(1/s)**: 임계 전단률 1000–1500 s⁻¹(pH10 실리카), 임계 Camp 수 = pH2 1e5 / pH7 1.5e5 / pH10 1.5e6. **핵심 발견 — Camp 수 단독 판정은 틀린다**: 문헌 반례(G=1000/s×2500s, Camp 2.5e6 > 임계 1.5e6인데 응집 없음) → `(G≥G_th) AND (G·t≥Camp_th)` AND 조건 필요.
- **필터 retention/beta ratio**: β=1/(1−E) 항등식 + 실측 스프레드(세리아 β=2.27 vs 실리카 4.55~10.0). 포집이 체가 아니라 **DLVO 지배**임을 실측으로 확인(세리아 IEP pH6.5 횡단 시 단일섬유 효율 0.142→0.025, 5.7배 급락) — **슬러리를 안정화하는 강한 음전하가 동시에 필터를 무력화한다**는 선행노트와의 인과 연결이 이 단원의 최대 수확입니다.
- **재순환 패스 수**: CSTR 이상 모델 `R(n)=1−exp(−E·n)`이 실측을 **4.8~14.4배 과대예측** → 생성항 존재가 수지상 요구됨. 다만 그것이 펌프 전단이라는 **인과는 확정 못 했습니다**(Wood 2019가 펌프 사양 미기재) — 3가설 병렬 보존으로 남겼습니다.

## 정직성 표기
표준 섬유필터 폐형식은 원문이 보충자료(Eq. S4)로 둬 확보 실패 → 표준 문헌형 대체 + 매질 두께 1–5 mm 가정 명시(자릿수 주장이지 계수 주장 아님). Seo 2003 유량 지수(≈0.71, R²≈0.77)와 Wood 2019 막대값은 그래프 판독값이라 sim/ 상수 이전 금지로 명기.

한 가지 조정 사항: 리텐션-Δp 상관 assert가 r=0.46으로 처음 실패했는데, 고형분 농도(25 wt% vs <1 wt%) 교란 때문이었습니다. EVIDENCE-RULES §2③에 따라 교란 통제 후(<1 wt% 3건) r=0.76으로 회복되는 것을 노트에 그대로 기록했습니다.

## 기타
- `EXAMS.md`에 Lv2-1 자기시험 3문항+모범답안 추가
- `PROFILE.md` 이수기록 + 구현 요청 (3) 추가, `CURRICULUM.md` Lv2-1 `[x]` 갱신
- `sim/` 무변경(`git status sim/` 확인), 커밋·푸시 안 함
